Last login: Tue Mar 16 08:25:01 on console
Restored session: Mon Mar 15 14:15:42 EDT 2021

The default interactive shell is now zsh.
To update your account to use zsh, please run `chsh -s /bin/zsh`.
For more details, please visit https://support.apple.com/kb/HT208050.
ahsns-MacBook-Air:~ ahsannadeem$ cd ~/Desktop/
ahsns-MacBook-Air:Desktop ahsannadeem$ git init
Initialized empty Git repository in /Users/ahsannadeem/Desktop/.git/
ahsns-MacBook-Air:Desktop ahsannadeem$ git init Repo1
Initialized empty Git repository in /Users/ahsannadeem/Desktop/Repo1/.git/
ahsns-MacBook-Air:Desktop ahsannadeem$ cd ~/Desktop/Repo1/
ahsns-MacBook-Air:Repo1 ahsannadeem$ mkdir RepoMeta
ahsns-MacBook-Air:Repo1 ahsannadeem$ cd hello.py/
-bash: cd: hello.py/: Not a directory
ahsns-MacBook-Air:Repo1 ahsannadeem$ cd hello.py
-bash: cd: hello.py: Not a directory
ahsns-MacBook-Air:Repo1 ahsannadeem$ cd hello/
ahsns-MacBook-Air:hello ahsannadeem$ ls
hello.py
ahsns-MacBook-Air:hello ahsannadeem$ echo "Hello Ahsan Nadeem" >> hello.py
ahsns-MacBook-Air:hello ahsannadeem$ cat hello.py
def hello():
    return "Hello world"

if __name__ == '__main__':
    print(hello())Hello Ahsan Nadeem
ahsns-MacBook-Air:hello ahsannadeem$ git stash
fatal: bad revision 'HEAD'
fatal: bad revision 'HEAD'
fatal: Needed a single revision
You do not have the initial commit yet
ahsns-MacBook-Air:hello ahsannadeem$ git commit --amend echo "print("Hello Ahsan Nadeem")"
fatal: You have nothing to amend.
ahsns-MacBook-Air:hello ahsannadeem$ cat hello.py
def hello():
    return "Hello world"

if __name__ == '__main__':
    print(hello())Hello Ahsan Nadeem
ahsns-MacBook-Air:hello ahsannadeem$ git rebase -i echo "
> print("Hello Ahsan Nadeem")"
usage: git rebase [-i] [options] [--exec <cmd>] [--onto <newbase>] [<upstream>] [<branch>]
   or: git rebase [-i] [options] [--exec <cmd>] [--onto <newbase>] --root [<branch>]
   or: git-rebase --continue | --abort | --skip | --edit-todo

Available options are
    -v, --verbose         display a diffstat of what changed upstream
    -q, --quiet           be quiet. implies --no-stat
    --autostash           automatically stash/stash pop before and after
    --fork-point          use 'merge-base --fork-point' to refine upstream
    --onto ...            rebase onto given branch instead of upstream
    -p, --preserve-merges
                          try to recreate merges instead of ignoring them
    -s, --strategy ...    use the given merge strategy
    --no-ff               cherry-pick all commits, even if unchanged
    -m, --merge           use merging strategies to rebase
    -i, --interactive     let the user edit the list of commits to rebase
    -x, --exec ...        add exec lines after each commit of the editable list
    -k, --keep-empty      preserve empty commits during rebase
    -f, --force-rebase    force rebase even if branch is up to date
    -X, --strategy-option ...
                          pass the argument through to the merge strategy
    --stat                display a diffstat of what changed upstream
    -n, --no-stat         do not show diffstat of what changed upstream
    --verify              allow pre-rebase hook to run
    --rerere-autoupdate   allow rerere to update index with resolved conflicts
    --root                rebase all reachable commits up to the root(s)
    --autosquash          move commits that begin with squash!/fixup! under -i
    --committer-date-is-author-date
                          passed to 'git am'
    --ignore-date         passed to 'git am'
    --signoff             passed to 'git am'
    --whitespace ...      passed to 'git apply'
    --ignore-whitespace   passed to 'git apply'
    -C ...                passed to 'git apply'
    -S, --gpg-sign[=...]  GPG-sign commits

Actions:
    --continue            continue
    --abort               abort and check out the original branch
    --skip                skip current patch and continue
    --edit-todo           edit the todo list during an interactive rebase
    --quit                abort but keep HEAD where it is

ahsns-MacBook-Air:hello ahsannadeem$ cat hello.py
def hello():
    return "Hello world"

if __name__ == '__main__':
    print(hello())
    print("Hello Ahsan Nadeem")
ahsns-MacBook-Air:hello ahsannadeem$ 

ahsns-MacBook-Air:~ ahsannadeem$ cd ~/Desktop/
ahsns-MacBook-Air:Desktop ahsannadeem$ cd Repo1/
ahsns-MacBook-Air:Repo1 ahsannadeem$ cd hello/
ahsns-MacBook-Air:hello ahsannadeem$ git commit -m "Added "hello Ahsan Nadeem" to my hello.py file"
error: pathspec 'Ahsan' did not match any file(s) known to git.
error: pathspec 'Nadeem to my hello.py file' did not match any file(s) known to git.
ahsns-MacBook-Air:hello ahsannadeem$ git commit -m "Added hello Ahsan Nadeem to hello.py"
On branch master

Initial commit

Untracked files:
	./

nothing added to commit but untracked files present
ahsns-MacBook-Air:hello ahsannadeem$ ls hello.py
hello.py
ahsns-MacBook-Air:hello ahsannadeem$ cat hello.py
def hello():
    return "Hello world"

if __name__ == '__main__':
    print(hello())
    print("Hello Ahsan Nadeem")
ahsns-MacBook-Air:hello ahsannadeem$ git commit -m "Added my name to the print message"
On branch master

Initial commit

Untracked files:
	./

nothing added to commit but untracked files present
ahsns-MacBook-Air:hello ahsannadeem$ git add hello.py
ahsns-MacBook-Air:hello ahsannadeem$ git pull
fatal: No remote repository specified.  Please, specify either a URL or a
remote name from which new revisions should be fetched.
ahsns-MacBook-Air:hello ahsannadeem$ git pull ~/hello.py/
fatal: '/Users/ahsannadeem/hello.py/' does not appear to be a git repository
fatal: Could not read from remote repository.

Please make sure you have the correct access rights
and the repository exists.
ahsns-MacBook-Air:hello ahsannadeem$ git pull Repo1/hello/hello.py/
fatal: 'Repo1/hello/hello.py/' does not appear to be a git repository
fatal: Could not read from remote repository.

Please make sure you have the correct access rights
and the repository exists.
ahsns-MacBook-Air:hello ahsannadeem$ git add hello.py
ahsns-MacBook-Air:hello ahsannadeem$ git add --all
ahsns-MacBook-Air:hello ahsannadeem$ git add -u
ahsns-MacBook-Air:hello ahsannadeem$ git pull
fatal: No remote repository specified.  Please, specify either a URL or a
remote name from which new revisions should be fetched.
ahsns-MacBook-Air:hello ahsannadeem$ cd ~Desktop/
-bash: cd: ~Desktop/: No such file or directory
ahsns-MacBook-Air:hello ahsannadeem$ cd ~/Desktop/
ahsns-MacBook-Air:Desktop ahsannadeem$ git add ~/Repo1/
fatal: Invalid path '/Users/ahsannadeem/Repo1': No such file or directory
ahsns-MacBook-Air:Desktop ahsannadeem$ git add Desktop/Repo1/
fatal: pathspec 'Desktop/Repo1/' did not match any files
ahsns-MacBook-Air:Desktop ahsannadeem$ git add ~/Desktop/Repo1/
ahsns-MacBook-Air:Desktop ahsannadeem$ 
